[0.009s][info][gc] Using G1
[0.926s][info][gc] GC(0) Pause Young (Normal) (G1 Evacuation Pause) 22M->6M(256M) 5.509ms
[1.242s][info][gc] GC(1) Pause Young (Normal) (G1 Evacuation Pause) 24M->13M(256M) 3.363ms
[1.353s][info][gc] GC(2) Pause Young (Normal) (G1 Evacuation Pause) 47M->28M(256M) 5.285ms
[1.479s][info][gc] GC(3) Pause Young (Normal) (G1 Evacuation Pause) 70M->47M(256M) 7.688ms
[1.614s][info][gc] GC(4) Pause Young (Normal) (G1 Evacuation Pause) 97M->70M(256M) 7.990ms
[1.773s][info][gc] GC(5) Pause Young (Normal) (G1 Evacuation Pause) 130M->98M(370M) 10.747ms
[1.996s][info][gc] GC(6) Pause Young (Normal) (G1 Evacuation Pause) 180M->135M(370M) 12.553ms
[2.176s][info][gc] GC(7) Pause Young (Normal) (G1 Evacuation Pause) 213M->171M(370M) 12.346ms
[2.331s][info][gc] GC(8) Pause Young (Normal) (G1 Evacuation Pause) 241M->203M(370M) 7.947ms
[2.460s][info][gc] GC(9) Pause Young (Concurrent Start) (G1 Evacuation Pause) 263M->230M(596M) 5.403ms
[2.461s][info][gc] GC(10) Concurrent Mark Cycle
[2.467s][info][gc] GC(10) Pause Remark 232M->232M(596M) 0.718ms
[2.469s][info][gc] GC(10) Pause Cleanup 233M->233M(596M) 0.045ms
[2.471s][info][gc] GC(10) Concurrent Mark Cycle 10.572ms
[2.813s][info][gc] GC(11) Pause Young (Prepare Mixed) (G1 Evacuation Pause) 370M->294M(596M) 13.897ms
[2.834s][info][gc] GC(12) Pause Young (Mixed) (G1 Evacuation Pause) 302M->297M(596M) 3.073ms
[3.050s][info][gc] GC(13) Pause Young (Concurrent Start) (G1 Evacuation Pause) 401M->345M(596M) 6.155ms
[3.050s][info][gc] GC(14) Concurrent Mark Cycle
[3.056s][info][gc] GC(14) Pause Remark 348M->348M(596M) 0.646ms
[3.058s][info][gc] GC(14) Pause Cleanup 349M->349M(596M) 0.041ms
[3.059s][info][gc] GC(14) Concurrent Mark Cycle 9.350ms
[3.246s][info][gc] GC(15) Pause Young (Normal) (G1 Evacuation Pause) 433M->385M(596M) 6.288ms
[3.433s][info][gc] GC(16) Pause Young (Concurrent Start) (G1 Evacuation Pause) 457M->418M(596M) 11.409ms
[3.433s][info][gc] GC(17) Concurrent Mark Cycle
[3.441s][info][gc] GC(17) Pause Remark 421M->421M(708M) 1.315ms
[3.444s][info][gc] GC(17) Pause Cleanup 422M->422M(708M) 0.058ms
[3.445s][info][gc] GC(17) Concurrent Mark Cycle 11.793ms
[3.579s][info][gc] GC(18) Pause Young (Normal) (G1 Evacuation Pause) 474M->444M(708M) 10.037ms
[3.952s][info][gc] GC(19) Pause Young (Concurrent Start) (G1 Evacuation Pause) 536M->486M(1124M) 10.019ms
[3.952s][info][gc] GC(20) Concurrent Mark Cycle
[3.962s][info][gc] GC(20) Pause Remark 488M->488M(1124M) 0.786ms
[3.966s][info][gc] GC(20) Pause Cleanup 490M->490M(1124M) 0.064ms
[3.968s][info][gc] GC(20) Concurrent Mark Cycle 16.000ms
[4.589s][info][gc] GC(21) Pause Young (Normal) (G1 Evacuation Pause) 744M->604M(1124M) 20.146ms
[4.980s][info][gc] GC(22) Pause Young (Concurrent Start) (G1 Evacuation Pause) 782M->686M(1124M) 13.039ms
[4.980s][info][gc] GC(23) Concurrent Mark Cycle
[4.990s][info][gc] GC(23) Pause Remark 690M->690M(1154M) 0.799ms
[4.993s][info][gc] GC(23) Pause Cleanup 692M->692M(1154M) 0.067ms
[4.996s][info][gc] GC(23) Concurrent Mark Cycle 15.251ms
[5.335s][info][gc] GC(24) Pause Young (Normal) (G1 Evacuation Pause) 838M->755M(1154M) 15.189ms
[5.635s][info][gc] GC(25) Pause Young (Concurrent Start) (G1 Evacuation Pause) 893M->818M(1154M) 19.677ms
[5.635s][info][gc] GC(26) Concurrent Mark Cycle
[5.644s][info][gc] GC(26) Pause Remark 822M->822M(1374M) 1.695ms
[5.649s][info][gc] GC(26) Pause Cleanup 824M->824M(1374M) 0.081ms
[5.651s][info][gc] GC(26) Concurrent Mark Cycle 15.522ms
[5.898s][info][gc] GC(27) Pause Young (Normal) (G1 Evacuation Pause) 924M->867M(1374M) 15.617ms
[6.319s][info][gc] GC(28) Pause Young (Concurrent Start) (G1 Evacuation Pause) 1049M->950M(1374M) 15.323ms
[6.319s][info][gc] GC(29) Concurrent Mark Cycle
[6.330s][info][gc] GC(29) Pause Remark 954M->954M(1594M) 1.839ms
[6.335s][info][gc] GC(29) Pause Cleanup 956M->956M(1594M) 0.081ms
[6.337s][info][gc] GC(29) Concurrent Mark Cycle 17.919ms
[6.657s][info][gc] GC(30) Pause Young (Normal) (G1 Evacuation Pause) 1090M->1014M(1594M) 13.283ms
[7.113s][info][gc] GC(31) Pause Young (Concurrent Start) (G1 Evacuation Pause) 1220M->1108M(1594M) 13.368ms
[7.113s][info][gc] GC(32) Concurrent Mark Cycle
[7.127s][info][gc] GC(32) Pause Remark 1114M->1114M(1860M) 1.966ms
[7.133s][info][gc] GC(32) Pause Cleanup 1116M->1116M(1860M) 0.092ms
[7.136s][info][gc] GC(32) Concurrent Mark Cycle 23.129ms
[7.473s][info][gc] GC(33) Pause Young (Normal) (G1 Evacuation Pause) 1254M->1175M(1860M) 14.426ms
[8.016s][info][gc] GC(34) Pause Young (Concurrent Start) (G1 Evacuation Pause) 1421M->1287M(1860M) 15.980ms
[8.016s][info][gc] GC(35) Concurrent Mark Cycle
[8.030s][info][gc] GC(35) Pause Remark 1293M->1293M(2158M) 2.103ms
[8.030s][info][gc] GC(35) Pause Cleanup 1293M->1293M(2158M) 0.003ms
[8.033s][info][gc] GC(35) Concurrent Mark Cycle 17.037ms
[8.485s][info][gc] GC(36) Pause Young (Normal) (G1 Evacuation Pause) 1477M->1374M(2158M) 17.740ms
[9.102s][info][gc] GC(37) Pause Young (Concurrent Start) (G1 Evacuation Pause) 1654M->1503M(2158M) 17.418ms
[9.103s][info][gc] GC(38) Concurrent Mark Cycle
[9.120s][info][gc] GC(38) Pause Remark 1510M->1510M(2520M) 2.356ms
[9.127s][info][gc] GC(38) Pause Cleanup 1513M->1513M(2520M) 0.131ms
[9.131s][info][gc] GC(38) Concurrent Mark Cycle 28.879ms
[9.728s][info][gc] GC(39) Pause Young (Prepare Mixed) (G1 Evacuation Pause) 1719M->1601M(2520M) 20.978ms
[9.931s][info][gc] GC(40) Pause Young (Mixed) (G1 Evacuation Pause) 1695M->1644M(2520M) 8.791ms
[10.773s][info][gc] GC(41) Pause Young (Concurrent Start) (G1 Evacuation Pause) 1938M->1778M(2520M) 23.162ms
[10.773s][info][gc] GC(42) Concurrent Mark Cycle
[10.790s][info][gc] GC(42) Pause Remark 1784M->1784M(2978M) 3.006ms
[10.798s][info][gc] GC(42) Pause Cleanup 1788M->1788M(2978M) 0.169ms
[10.804s][info][gc] GC(42) Concurrent Mark Cycle 30.356ms
[11.326s][info][gc] GC(43) Pause Young (Normal) (G1 Evacuation Pause) 1996M->1878M(2978M) 22.153ms
[12.164s][info][gc] GC(44) Pause Young (Concurrent Start) (G1 Evacuation Pause) 2240M->2044M(2978M) 28.848ms
[12.164s][info][gc] GC(45) Concurrent Mark Cycle
[12.181s][info][gc] GC(45) Pause Remark 2050M->2050M(3420M) 2.774ms
[12.191s][info][gc] GC(45) Pause Cleanup 2054M->2054M(3420M) 0.145ms
[12.196s][info][gc] GC(45) Concurrent Mark Cycle 32.424ms
[12.924s][info][gc] GC(46) Pause Young (Normal) (G1 Evacuation Pause) 2334M->2177M(3420M) 29.905ms
[13.853s][info][gc] GC(47) Pause Young (Concurrent Start) (G1 Evacuation Pause) 2581M->2362M(3420M) 28.745ms
[13.853s][info][gc] GC(48) Concurrent Mark Cycle
[13.882s][info][gc] GC(48) Pause Remark 2372M->2372M(3958M) 3.454ms
[13.893s][info][gc] GC(48) Pause Cleanup 2376M->2376M(3958M) 0.177ms
[13.900s][info][gc] GC(48) Concurrent Mark Cycle 46.435ms
[14.666s][info][gc] GC(49) Pause Young (Prepare Mixed) (G1 Evacuation Pause) 2682M->2509M(3958M) 30.302ms
[15.004s][info][gc] GC(50) Pause Young (Mixed) (G1 Evacuation Pause) 2657M->2576M(3958M) 15.491ms
[15.987s][info][gc] GC(51) Pause Young (Concurrent Start) (G1 Evacuation Pause) 3024M->2780M(3958M) 38.643ms
[15.987s][info][gc] GC(52) Concurrent Mark Cycle
[16.008s][info][gc] GC(52) Pause Remark 2789M->2789M(4078M) 1.424ms
[16.021s][info][gc] GC(52) Pause Cleanup 2794M->2794M(4078M) 0.219ms
[16.029s][info][gc] GC(52) Concurrent Mark Cycle 41.635ms
[16.864s][info][gc] GC(53) Pause Young (Prepare Mixed) (G1 Evacuation Pause) 3156M->2952M(4078M) 27.612ms
[17.176s][info][gc] GC(54) Pause Young (Mixed) (G1 Evacuation Pause) 3098M->3018M(4078M) 14.183ms
[17.997s][info][gc] GC(55) Pause Young (Normal) (G1 Evacuation Pause) 3340M->3166M(4078M) 21.116ms
[18.518s][info][gc] GC(56) Pause Young (Normal) (G1 Evacuation Pause) 3416M->3281M(4078M) 18.215ms
[18.915s][info][gc] GC(57) Pause Young (Concurrent Start) (G1 Evacuation Pause) 3473M->3369M(4078M) 14.813ms
[18.915s][info][gc] GC(58) Concurrent Mark Cycle
[18.938s][info][gc] GC(58) Pause Remark 3379M->3379M(4078M) 0.726ms
[18.953s][info][gc] GC(58) Pause Cleanup 3387M->3387M(4078M) 0.182ms
[18.958s][info][gc] GC(58) Concurrent Mark Cycle 43.213ms
[19.277s][info][gc] GC(59) Pause Young (Prepare Mixed) (G1 Evacuation Pause) 3541M->3447M(4078M) 13.418ms
[19.657s][info][gc] GC(60) Pause Young (Mixed) (G1 Evacuation Pause) 3623M->3527M(4078M) 13.021ms
[20.022s][info][gc] GC(61) Pause Young (Concurrent Start) (G1 Evacuation Pause) 3703M->3607M(4078M) 11.882ms
[20.022s][info][gc] GC(62) Concurrent Mark Cycle
[20.046s][info][gc] GC(62) Pause Remark 3618M->3618M(4078M) 0.791ms
[20.046s][info][gc] GC(62) Pause Cleanup 3618M->3618M(4078M) 0.003ms
[20.051s][info][gc] GC(62) Concurrent Mark Cycle 28.142ms
[20.398s][info][gc] GC(63) Pause Young (Normal) (G1 Evacuation Pause) 3783M->3688M(4078M) 12.216ms
[20.769s][info][gc] GC(64) Pause Young (Concurrent Start) (G1 Evacuation Pause) 3864M->3768M(4078M) 12.799ms
[20.769s][info][gc] GC(65) Concurrent Mark Cycle
[20.793s][info][gc] GC(65) Pause Remark 3778M->3778M(4078M) 0.746ms
[20.810s][info][gc] GC(65) Pause Cleanup 3786M->3786M(4078M) 0.186ms
[20.814s][info][gc] GC(65) Concurrent Mark Cycle 45.543ms
[21.148s][info][gc] GC(66) Pause Young (Normal) (G1 Evacuation Pause) 3944M->3849M(4078M) 12.708ms
[21.425s][info][gc] GC(67) Pause Young (Concurrent Start) (G1 Preventive Collection) 3981M->3909M(4078M) 9.879ms
[21.425s][info][gc] GC(68) Concurrent Mark Cycle
[21.449s][info][gc] GC(68) Pause Remark 3918M->3918M(4078M) 0.770ms
[21.449s][info][gc] GC(68) Pause Cleanup 3918M->3918M(4078M) 0.002ms
[21.453s][info][gc] GC(68) Concurrent Mark Cycle 28.532ms
[21.627s][info][gc] GC(69) Pause Young (Normal) (G1 Preventive Collection) 4001M->3951M(4078M) 7.648ms
[21.771s][info][gc] GC(70) Pause Young (Concurrent Start) (G1 Preventive Collection) 4015M->3981M(4078M) 6.420ms
[21.771s][info][gc] GC(71) Concurrent Mark Cycle
[21.797s][info][gc] GC(71) Pause Remark 3992M->3992M(4078M) 0.739ms
[21.814s][info][gc] GC(71) Pause Cleanup 4000M->4000M(4078M) 0.188ms
[21.819s][info][gc] GC(71) Concurrent Mark Cycle 47.515ms
[21.874s][info][gc] GC(72) Pause Young (Normal) (G1 Preventive Collection) 4025M->4001M(4078M) 5.363ms
[21.945s][info][gc] GC(73) Pause Young (Concurrent Start) (G1 Preventive Collection) 4035M->4016M(4078M) 4.339ms
[21.945s][info][gc] GC(74) Concurrent Mark Cycle
[21.973s][info][gc] GC(74) Pause Remark 4028M->4028M(4078M) 0.732ms
[21.990s][info][gc] GC(74) Pause Cleanup 4036M->4036M(4078M) 0.281ms
[21.995s][info][gc] GC(74) Concurrent Mark Cycle 49.905ms
[22.012s][info][gc] GC(75) Pause Young (Normal) (G1 Preventive Collection) 4044M->4029M(4078M) 3.548ms
[22.058s][info][gc] GC(76) Pause Young (Concurrent Start) (G1 Preventive Collection) 4049M->4038M(4078M) 2.608ms
[22.058s][info][gc] GC(77) Concurrent Mark Cycle
[22.086s][info][gc] GC(77) Pause Remark 4045M->4045M(4078M) 0.714ms
[22.092s][info][gc] GC(78) Pause Young (Normal) (G1 Preventive Collection) 4046M->4042M(4078M) 2.922ms
[22.107s][info][gc] GC(77) Pause Cleanup 4050M->4050M(4078M) 0.274ms
[22.112s][info][gc] GC(77) Concurrent Mark Cycle 53.512ms
[22.120s][info][gc] GC(79) Pause Young (Normal) (G1 Preventive Collection) 4054M->4047M(4078M) 2.284ms
[22.131s][info][gc] GC(80) Pause Young (Concurrent Start) (G1 Preventive Collection) 4051M->4049M(4078M) 2.843ms
[22.131s][info][gc] GC(81) Concurrent Mark Cycle
[22.153s][info][gc] GC(82) Pause Young (Normal) (G1 Preventive Collection) 4057M->4053M(4078M) 1.797ms
[22.161s][info][gc] GC(81) Pause Remark 4057M->4057M(4078M) 0.752ms
[22.165s][info][gc] GC(83) Pause Young (Normal) (G1 Preventive Collection) 4057M->4055M(4078M) 2.212ms
[22.177s][info][gc] GC(84) Pause Young (Normal) (G1 Preventive Collection) 4059M->4057M(4078M) 1.717ms
[22.183s][info][gc] GC(85) Pause Young (Normal) (G1 Preventive Collection) 4059M->4058M(4078M) 1.933ms
[22.186s][info][gc] GC(81) Pause Cleanup 4060M->4060M(4078M) 0.277ms
[22.191s][info][gc] GC(81) Concurrent Mark Cycle 60.364ms
[22.195s][info][gc] GC(86) Pause Young (Normal) (G1 Preventive Collection) 4062M->4059M(4078M) 1.843ms
[22.205s][info][gc] GC(87) Pause Young (Concurrent Start) (G1 Preventive Collection) 4063M->4061M(4078M) 2.061ms
[22.205s][info][gc] GC(88) Concurrent Mark Cycle
[22.213s][info][gc] GC(89) To-space exhausted
[22.213s][info][gc] GC(89) Pause Young (Normal) (G1 Preventive Collection) 4063M->4070M(4078M) 1.912ms
[22.219s][info][gc] GC(90) To-space exhausted
[22.219s][info][gc] GC(90) Pause Young (Normal) (G1 Preventive Collection) 4072M->4078M(4078M) 1.177ms
[22.255s][info][gc] GC(91) Pause Full (G1 Compaction Pause) 4078M->4062M(4078M) 35.428ms
[22.255s][info][gc] GC(88) Concurrent Mark Cycle 50.187ms
[22.266s][info][gc] GC(92) Pause Young (Normal) (G1 Preventive Collection) 4066M->4064M(4078M) 0.546ms
[22.271s][info][gc] GC(93) To-space exhausted
[22.271s][info][gc] GC(93) Pause Young (Concurrent Start) (G1 Preventive Collection) 4066M->4068M(4078M) 0.730ms
[22.271s][info][gc] GC(95) Concurrent Mark Cycle
[22.305s][info][gc] GC(94) Pause Full (G1 Compaction Pause) 4068M->4065M(4078M) 33.553ms
[22.305s][info][gc] GC(95) Concurrent Mark Cycle 34.062ms
[22.311s][info][gc] GC(96) Pause Young (Normal) (G1 Preventive Collection) 4067M->4066M(4078M) 0.458ms
[22.316s][info][gc] GC(97) To-space exhausted
[22.316s][info][gc] GC(97) Pause Young (Concurrent Start) (G1 Evacuation Pause) 4068M->4068M(4078M) 0.668ms
[22.316s][info][gc] GC(99) Concurrent Mark Cycle
[22.349s][info][gc] GC(98) Pause Full (G1 Compaction Pause) 4068M->4067M(4078M) 32.776ms
[22.349s][info][gc] GC(99) Concurrent Mark Cycle 33.285ms
[22.355s][info][gc] GC(100) To-space exhausted
[22.355s][info][gc] GC(100) Pause Young (Normal) (G1 Evacuation Pause) 4069M->4069M(4078M) 0.620ms
[22.384s][info][gc] GC(101) Pause Full (G1 Compaction Pause) 4069M->4068M(4078M) 28.807ms
[22.400s][info][gc] GC(102) To-space exhausted
[22.400s][info][gc] GC(102) Pause Young (Concurrent Start) (G1 Preventive Collection) 4074M->4074M(4078M) 0.937ms
[22.400s][info][gc] GC(103) Concurrent Mark Cycle
[22.406s][info][gc] GC(104) To-space exhausted
[22.407s][info][gc] GC(104) Pause Young (Normal) (G1 Evacuation Pause) 4076M->4076M(4078M) 0.615ms
[22.440s][info][gc] GC(105) Pause Full (G1 Compaction Pause) 4076M->4072M(4078M) 33.170ms
[22.440s][info][gc] GC(103) Concurrent Mark Cycle 40.261ms
[22.446s][info][gc] GC(106) Pause Young (Normal) (G1 Preventive Collection) 4074M->4073M(4078M) 0.471ms
[22.451s][info][gc] GC(107) To-space exhausted
[22.451s][info][gc] GC(107) Pause Young (Concurrent Start) (G1 Evacuation Pause) 4075M->4075M(4078M) 0.656ms
[22.451s][info][gc] GC(109) Concurrent Mark Cycle
[22.484s][info][gc] GC(108) Pause Full (G1 Compaction Pause) 4075M->4073M(4078M) 33.032ms
[22.485s][info][gc] GC(109) Concurrent Mark Cycle 33.511ms
[22.490s][info][gc] GC(110) To-space exhausted
[22.490s][info][gc] GC(110) Pause Young (Normal) (G1 Evacuation Pause) 4075M->4075M(4078M) 0.591ms
[22.519s][info][gc] GC(111) Pause Full (G1 Compaction Pause) 4075M->4074M(4078M) 28.168ms
[22.525s][info][gc] GC(112) To-space exhausted
[22.525s][info][gc] GC(112) Pause Young (Concurrent Start) (G1 Evacuation Pause) 4076M->4076M(4078M) 0.845ms
[22.525s][info][gc] GC(114) Concurrent Mark Cycle
[22.559s][info][gc] GC(113) Pause Full (G1 Compaction Pause) 4076M->4075M(4078M) 34.091ms
[22.559s][info][gc] GC(114) Concurrent Mark Cycle 34.571ms
[22.565s][info][gc] GC(115) To-space exhausted
[22.565s][info][gc] GC(115) Pause Young (Normal) (G1 Evacuation Pause) 4077M->4077M(4078M) 0.555ms
[22.594s][info][gc] GC(116) Pause Full (G1 Compaction Pause) 4077M->4076M(4078M) 28.290ms
[22.992s][info][gc] GC(117) Pause Full (G1 Compaction Pause) 4076M->4064M(4078M) 398.095ms
[22.999s][info][gc] GC(118) To-space exhausted
[22.999s][info][gc] GC(118) Pause Young (Concurrent Start) (G1 Evacuation Pause) 4066M->4066M(4078M) 0.748ms
[22.999s][info][gc] GC(120) Concurrent Mark Cycle
[23.032s][info][gc] GC(119) Pause Full (G1 Compaction Pause) 4066M->4065M(4078M) 33.220ms
[23.080s][info][gc] GC(121) Pause Full (G1 Compaction Pause) 4065M->4065M(4078M) 47.778ms
[23.081s][info][gc] GC(120) Concurrent Mark Cycle 81.981ms
[23.081s][info][gc] GC(122) Pause Young (Normal) (G1 Evacuation Pause) 4065M->4065M(4078M) 0.382ms
[23.098s][info][gc] GC(123) Pause Full (G1 Compaction Pause) 4065M->5M(68M) 16.814ms
