[0.010s][info][gc] Using G1
[0.932s][info][gc] GC(0) Pause Young (Normal) (G1 Evacuation Pause) 22M->6M(256M) 5.992ms
[1.175s][info][gc] GC(1) Pause Young (Normal) (G1 Evacuation Pause) 30M->15M(256M) 4.933ms
[1.300s][info][gc] GC(2) Pause Young (Normal) (G1 Evacuation Pause) 57M->35M(256M) 6.658ms
[1.413s][info][gc] GC(3) Pause Young (Normal) (G1 Evacuation Pause) 75M->53M(256M) 6.271ms
[1.555s][info][gc] GC(4) Pause Young (Normal) (G1 Evacuation Pause) 107M->78M(256M) 8.376ms
[1.701s][info][gc] GC(5) Pause Young (Normal) (G1 Evacuation Pause) 136M->104M(380M) 9.646ms
[1.916s][info][gc] GC(6) Pause Young (Normal) (G1 Evacuation Pause) 186M->142M(380M) 14.395ms
[2.102s][info][gc] GC(7) Pause Young (Normal) (G1 Evacuation Pause) 222M->178M(380M) 14.754ms
[2.262s][info][gc] GC(8) Pause Young (Normal) (G1 Evacuation Pause) 248M->210M(380M) 7.599ms
[2.391s][info][gc] GC(9) Pause Young (Concurrent Start) (G1 Evacuation Pause) 270M->238M(628M) 5.902ms
[2.391s][info][gc] GC(10) Concurrent Mark Cycle
[2.397s][info][gc] GC(10) Pause Remark 240M->240M(628M) 0.683ms
[2.399s][info][gc] GC(10) Pause Cleanup 241M->241M(628M) 0.041ms
[2.401s][info][gc] GC(10) Concurrent Mark Cycle 10.398ms
[2.791s][info][gc] GC(11) Pause Young (Prepare Mixed) (G1 Evacuation Pause) 386M->305M(628M) 16.162ms
[2.815s][info][gc] GC(12) Pause Young (Mixed) (G1 Evacuation Pause) 315M->309M(628M) 3.063ms
[3.053s][info][gc] GC(13) Pause Young (Concurrent Start) (G1 Evacuation Pause) 419M->359M(628M) 6.109ms
[3.053s][info][gc] GC(14) Concurrent Mark Cycle
[3.059s][info][gc] GC(14) Pause Remark 361M->361M(628M) 0.643ms
[3.059s][info][gc] GC(14) Pause Cleanup 361M->361M(628M) 0.002ms
[3.061s][info][gc] GC(14) Concurrent Mark Cycle 7.225ms
[3.252s][info][gc] GC(15) Pause Young (Normal) (G1 Evacuation Pause) 453M->402M(628M) 8.478ms
[3.433s][info][gc] GC(16) Pause Young (Concurrent Start) (G1 Evacuation Pause) 480M->438M(628M) 11.464ms
[3.433s][info][gc] GC(17) Concurrent Mark Cycle
[3.441s][info][gc] GC(17) Pause Remark 440M->440M(738M) 1.077ms
[3.444s][info][gc] GC(17) Pause Cleanup 441M->441M(738M) 0.052ms
[3.444s][info][gc] GC(17) Concurrent Mark Cycle 11.780ms
[3.598s][info][gc] GC(18) Pause Young (Normal) (G1 Evacuation Pause) 498M->466M(738M) 10.486ms
[3.850s][info][gc] GC(19) Pause Young (Concurrent Start) (G1 Evacuation Pause) 562M->509M(1102M) 9.224ms
[3.850s][info][gc] GC(20) Concurrent Mark Cycle
[3.857s][info][gc] GC(20) Pause Remark 512M->512M(1102M) 0.689ms
[3.857s][info][gc] GC(20) Pause Cleanup 512M->512M(1102M) 0.003ms
[3.860s][info][gc] GC(20) Concurrent Mark Cycle 9.710ms
[4.615s][info][gc] GC(21) Pause Young (Normal) (G1 Evacuation Pause) 747M->618M(1102M) 26.802ms
[4.999s][info][gc] GC(22) Pause Young (Concurrent Start) (G1 Evacuation Pause) 788M->696M(1102M) 13.156ms
[5.000s][info][gc] GC(23) Concurrent Mark Cycle
[5.009s][info][gc] GC(23) Pause Remark 700M->700M(1170M) 1.018ms
[5.013s][info][gc] GC(23) Pause Cleanup 702M->702M(1170M) 0.058ms
[5.022s][info][gc] GC(23) Concurrent Mark Cycle 22.782ms
[5.428s][info][gc] GC(24) Pause Young (Normal) (G1 Evacuation Pause) 840M->762M(1170M) 11.668ms
[5.751s][info][gc] GC(25) Pause Young (Concurrent Start) (G1 Evacuation Pause) 904M->827M(1170M) 26.680ms
[5.751s][info][gc] GC(26) Concurrent Mark Cycle
[5.761s][info][gc] GC(26) Pause Remark 831M->831M(1388M) 1.990ms
[5.766s][info][gc] GC(26) Pause Cleanup 833M->833M(1388M) 0.096ms
[5.768s][info][gc] GC(26) Concurrent Mark Cycle 16.814ms
[6.117s][info][gc] GC(27) Pause Young (Normal) (G1 Evacuation Pause) 937M->877M(1388M) 53.702ms
[6.629s][info][gc] GC(28) Pause Young (Concurrent Start) (G1 Evacuation Pause) 1059M->960M(1388M) 19.224ms
[6.629s][info][gc] GC(29) Concurrent Mark Cycle
[6.643s][info][gc] GC(29) Pause Remark 962M->962M(1608M) 4.418ms
[6.651s][info][gc] GC(29) Pause Cleanup 964M->964M(1608M) 0.142ms
[6.660s][info][gc] GC(29) Concurrent Mark Cycle 31.053ms
[7.109s][info][gc] GC(30) Pause Young (Normal) (G1 Evacuation Pause) 1090M->1020M(1608M) 14.783ms
[7.585s][info][gc] GC(31) Pause Young (Concurrent Start) (G1 Evacuation Pause) 1230M->1116M(1608M) 13.394ms
[7.585s][info][gc] GC(32) Concurrent Mark Cycle
[7.599s][info][gc] GC(32) Pause Remark 1122M->1122M(1874M) 2.163ms
[7.605s][info][gc] GC(32) Pause Cleanup 1124M->1124M(1874M) 0.093ms
[7.609s][info][gc] GC(32) Concurrent Mark Cycle 24.091ms
[7.967s][info][gc] GC(33) Pause Young (Normal) (G1 Evacuation Pause) 1264M->1184M(1874M) 17.925ms
[8.552s][info][gc] GC(34) Pause Young (Concurrent Start) (G1 Evacuation Pause) 1432M->1297M(1874M) 16.141ms
[8.552s][info][gc] GC(35) Concurrent Mark Cycle
[8.564s][info][gc] GC(35) Pause Remark 1302M->1302M(2174M) 2.353ms
[8.571s][info][gc] GC(35) Pause Cleanup 1304M->1304M(2174M) 0.133ms
[8.575s][info][gc] GC(35) Concurrent Mark Cycle 22.850ms
[9.021s][info][gc] GC(36) Pause Young (Normal) (G1 Evacuation Pause) 1473M->1378M(2174M) 20.017ms
[9.671s][info][gc] GC(37) Pause Young (Concurrent Start) (G1 Evacuation Pause) 1650M->1502M(2174M) 18.585ms
[9.671s][info][gc] GC(38) Concurrent Mark Cycle
[9.695s][info][gc] GC(38) Pause Remark 1509M->1509M(2520M) 2.853ms
[9.703s][info][gc] GC(38) Pause Cleanup 1512M->1512M(2520M) 0.138ms
[9.708s][info][gc] GC(38) Concurrent Mark Cycle 37.330ms
[10.348s][info][gc] GC(39) Pause Young (Prepare Mixed) (G1 Evacuation Pause) 1726M->1605M(2520M) 25.210ms
[10.561s][info][gc] GC(40) Pause Young (Mixed) (G1 Evacuation Pause) 1697M->1646M(2520M) 9.417ms
[11.246s][info][gc] GC(41) Pause Young (Concurrent Start) (G1 Evacuation Pause) 1936M->1779M(2520M) 27.130ms
[11.246s][info][gc] GC(42) Concurrent Mark Cycle
[11.262s][info][gc] GC(42) Pause Remark 1785M->1785M(2978M) 3.226ms
[11.271s][info][gc] GC(42) Pause Cleanup 1788M->1788M(2978M) 0.157ms
[11.277s][info][gc] GC(42) Concurrent Mark Cycle 30.800ms
[11.820s][info][gc] GC(43) Pause Young (Normal) (G1 Evacuation Pause) 1997M->1879M(2978M) 25.006ms
[12.818s][info][gc] GC(44) Pause Young (Concurrent Start) (G1 Evacuation Pause) 2239M->2043M(2978M) 39.408ms
[12.818s][info][gc] GC(45) Concurrent Mark Cycle
[12.839s][info][gc] GC(45) Pause Remark 2047M->2047M(3414M) 3.494ms
[12.839s][info][gc] GC(45) Pause Cleanup 2047M->2047M(3414M) 0.004ms
[12.847s][info][gc] GC(45) Concurrent Mark Cycle 29.210ms
[13.656s][info][gc] GC(46) Pause Young (Normal) (G1 Evacuation Pause) 2345M->2182M(3414M) 31.994ms
[14.717s][info][gc] GC(47) Pause Young (Concurrent Start) (G1 Evacuation Pause) 2580M->2364M(3414M) 25.294ms
[14.717s][info][gc] GC(48) Concurrent Mark Cycle
[14.743s][info][gc] GC(48) Pause Remark 2375M->2375M(3964M) 3.982ms
[14.754s][info][gc] GC(48) Pause Cleanup 2379M->2379M(3964M) 0.177ms
[14.763s][info][gc] GC(48) Concurrent Mark Cycle 46.419ms
[15.543s][info][gc] GC(49) Pause Young (Prepare Mixed) (G1 Evacuation Pause) 2680M->2508M(3964M) 29.518ms
[15.863s][info][gc] GC(50) Pause Young (Mixed) (G1 Evacuation Pause) 2658M->2576M(3964M) 17.424ms
[16.999s][info][gc] GC(51) Pause Young (Concurrent Start) (G1 Evacuation Pause) 3024M->2781M(3964M) 45.302ms
[16.999s][info][gc] GC(52) Concurrent Mark Cycle
[17.025s][info][gc] GC(52) Pause Remark 2787M->2787M(4078M) 1.711ms
[17.042s][info][gc] GC(52) Pause Cleanup 2791M->2791M(4078M) 0.229ms
[17.050s][info][gc] GC(52) Concurrent Mark Cycle 51.125ms
[17.882s][info][gc] GC(53) Pause Young (Normal) (G1 Evacuation Pause) 3159M->2954M(4078M) 27.063ms
[18.631s][info][gc] GC(54) Pause Young (Normal) (G1 Evacuation Pause) 3308M->3116M(4078M) 25.618ms
[19.247s][info][gc] GC(55) Pause Young (Concurrent Start) (G1 Evacuation Pause) 3392M->3243M(4078M) 22.297ms
[19.247s][info][gc] GC(56) Concurrent Mark Cycle
[19.274s][info][gc] GC(56) Pause Remark 3251M->3251M(4078M) 0.942ms
[19.291s][info][gc] GC(56) Pause Cleanup 3254M->3254M(4078M) 0.301ms
[19.297s][info][gc] GC(56) Concurrent Mark Cycle 49.754ms
[19.838s][info][gc] GC(57) Pause Young (Prepare Mixed) (G1 Evacuation Pause) 3453M->3339M(4078M) 16.280ms
[20.191s][info][gc] GC(58) Pause Young (Mixed) (G1 Evacuation Pause) 3509M->3416M(4078M) 12.599ms
[20.554s][info][gc] GC(59) Pause Young (Normal) (G1 Evacuation Pause) 3592M->3497M(4078M) 15.840ms
[20.927s][info][gc] GC(60) Pause Young (Concurrent Start) (G1 Evacuation Pause) 3673M->3577M(4078M) 12.579ms
[20.927s][info][gc] GC(61) Concurrent Mark Cycle
[20.950s][info][gc] GC(61) Pause Remark 3587M->3587M(4078M) 0.754ms
[20.966s][info][gc] GC(61) Pause Cleanup 3595M->3595M(4078M) 0.228ms
[20.970s][info][gc] GC(61) Concurrent Mark Cycle 43.606ms
[21.297s][info][gc] GC(62) Pause Young (Normal) (G1 Evacuation Pause) 3753M->3658M(4078M) 12.210ms
[21.664s][info][gc] GC(63) Pause Young (Concurrent Start) (G1 Evacuation Pause) 3834M->3738M(4078M) 12.617ms
[21.664s][info][gc] GC(64) Concurrent Mark Cycle
[21.689s][info][gc] GC(64) Pause Remark 3748M->3748M(4078M) 0.684ms
[21.706s][info][gc] GC(64) Pause Cleanup 3756M->3756M(4078M) 0.190ms
[21.710s][info][gc] GC(64) Concurrent Mark Cycle 45.918ms
[22.172s][info][gc] GC(65) Pause Young (Normal) (G1 Evacuation Pause) 3914M->3818M(4078M) 13.297ms
[22.520s][info][gc] GC(66) Pause Young (Concurrent Start) (G1 Preventive Collection) 3970M->3888M(4078M) 11.155ms
[22.520s][info][gc] GC(67) Concurrent Mark Cycle
[22.545s][info][gc] GC(67) Pause Remark 3899M->3899M(4078M) 0.749ms
[22.562s][info][gc] GC(67) Pause Cleanup 3908M->3908M(4078M) 0.249ms
[22.566s][info][gc] GC(67) Concurrent Mark Cycle 45.900ms
[22.751s][info][gc] GC(68) Pause Young (Normal) (G1 Preventive Collection) 3994M->3936M(4078M) 8.505ms
[22.914s][info][gc] GC(69) Pause Young (Concurrent Start) (G1 Preventive Collection) 4010M->3970M(4078M) 7.269ms
[22.914s][info][gc] GC(70) Concurrent Mark Cycle
[22.938s][info][gc] GC(70) Pause Remark 3981M->3981M(4078M) 0.719ms
[22.955s][info][gc] GC(70) Pause Cleanup 3990M->3990M(4078M) 0.231ms
[22.960s][info][gc] GC(70) Concurrent Mark Cycle 46.160ms
[23.025s][info][gc] GC(71) Pause Young (Normal) (G1 Preventive Collection) 4020M->3993M(4078M) 5.841ms
[23.101s][info][gc] GC(72) Pause Young (Concurrent Start) (G1 Preventive Collection) 4029M->4010M(4078M) 4.722ms
[23.101s][info][gc] GC(73) Concurrent Mark Cycle
[23.127s][info][gc] GC(73) Pause Remark 4022M->4022M(4078M) 0.699ms
[23.144s][info][gc] GC(73) Pause Cleanup 4031M->4031M(4078M) 0.211ms
[23.149s][info][gc] GC(73) Concurrent Mark Cycle 48.145ms
[23.169s][info][gc] GC(74) Pause Young (Normal) (G1 Preventive Collection) 4040M->4023M(4078M) 3.781ms
[23.219s][info][gc] GC(75) Pause Young (Concurrent Start) (G1 Preventive Collection) 4047M->4034M(4078M) 3.086ms
[23.219s][info][gc] GC(76) Concurrent Mark Cycle
[23.245s][info][gc] GC(76) Pause Remark 4045M->4045M(4078M) 0.781ms
[23.245s][info][gc] GC(76) Pause Cleanup 4045M->4045M(4078M) 0.003ms
[23.250s][info][gc] GC(76) Concurrent Mark Cycle 30.533ms
[23.268s][info][gc] GC(77) Pause Young (Normal) (G1 Preventive Collection) 4054M->4044M(4078M) 2.580ms
[23.283s][info][gc] GC(78) Pause Young (Concurrent Start) (G1 Preventive Collection) 4050M->4046M(4078M) 2.978ms
[23.284s][info][gc] GC(79) Concurrent Mark Cycle
[23.308s][info][gc] GC(80) Pause Young (Normal) (G1 Preventive Collection) 4056M->4051M(4078M) 2.081ms
[23.312s][info][gc] GC(79) Pause Remark 4052M->4052M(4078M) 0.733ms
[23.320s][info][gc] GC(81) Pause Young (Normal) (G1 Preventive Collection) 4055M->4053M(4078M) 2.097ms
[23.332s][info][gc] GC(79) Pause Cleanup 4058M->4058M(4078M) 0.197ms
[23.337s][info][gc] GC(79) Concurrent Mark Cycle 53.054ms
[23.343s][info][gc] GC(82) Pause Young (Normal) (G1 Preventive Collection) 4061M->4056M(4078M) 1.761ms
[23.350s][info][gc] GC(83) Pause Young (Concurrent Start) (G1 Preventive Collection) 4058M->4057M(4078M) 1.977ms
[23.350s][info][gc] GC(84) Concurrent Mark Cycle
[23.357s][info][gc] GC(85) Pause Young (Normal) (G1 Preventive Collection) 4059M->4058M(4078M) 1.673ms
[23.363s][info][gc] GC(86) Pause Young (Normal) (G1 Preventive Collection) 4060M->4059M(4078M) 1.561ms
[23.370s][info][gc] GC(87) Pause Young (Normal) (G1 Preventive Collection) 4061M->4060M(4078M) 1.712ms
[23.377s][info][gc] GC(88) Pause Young (Normal) (G1 Preventive Collection) 4062M->4061M(4078M) 1.886ms
[23.383s][info][gc] GC(89) Pause Young (Normal) (G1 Preventive Collection) 4063M->4062M(4078M) 1.346ms
[23.388s][info][gc] GC(84) Pause Remark 4064M->4064M(4078M) 1.575ms
[23.391s][info][gc] GC(90) Pause Young (Normal) (G1 Preventive Collection) 4064M->4063M(4078M) 1.385ms
[23.398s][info][gc] GC(91) To-space exhausted
[23.398s][info][gc] GC(91) Pause Young (Normal) (G1 Preventive Collection) 4065M->4067M(4078M) 1.822ms
[23.403s][info][gc] GC(92) To-space exhausted
[23.403s][info][gc] GC(92) Pause Young (Normal) (G1 Preventive Collection) 4069M->4077M(4078M) 1.197ms
[23.441s][info][gc] GC(93) Pause Full (G1 Compaction Pause) 4077M->4064M(4078M) 37.028ms
[23.441s][info][gc] GC(84) Concurrent Mark Cycle 90.652ms
[23.446s][info][gc] GC(94) Pause Young (Normal) (G1 Preventive Collection) 4066M->4065M(4078M) 0.502ms
[23.451s][info][gc] GC(95) To-space exhausted
[23.451s][info][gc] GC(95) Pause Young (Concurrent Start) (G1 Evacuation Pause) 4067M->4067M(4078M) 0.670ms
[23.451s][info][gc] GC(97) Concurrent Mark Cycle
[23.485s][info][gc] GC(96) Pause Full (G1 Compaction Pause) 4067M->4066M(4078M) 33.454ms
[23.485s][info][gc] GC(97) Concurrent Mark Cycle 33.993ms
[23.490s][info][gc] GC(98) Pause Young (Normal) (G1 Preventive Collection) 4068M->4066M(4078M) 0.568ms
[23.495s][info][gc] GC(99) To-space exhausted
[23.495s][info][gc] GC(99) Pause Young (Concurrent Start) (G1 Evacuation Pause) 4068M->4068M(4078M) 0.758ms
[23.495s][info][gc] GC(101) Concurrent Mark Cycle
[23.528s][info][gc] GC(100) Pause Full (G1 Compaction Pause) 4068M->4067M(4078M) 32.612ms
[23.528s][info][gc] GC(101) Concurrent Mark Cycle 33.104ms
[23.534s][info][gc] GC(102) To-space exhausted
[23.534s][info][gc] GC(102) Pause Young (Normal) (G1 Evacuation Pause) 4069M->4069M(4078M) 0.694ms
[23.560s][info][gc] GC(103) Pause Full (G1 Compaction Pause) 4069M->4068M(4078M) 26.410ms
[23.566s][info][gc] GC(104) To-space exhausted
[23.566s][info][gc] GC(104) Pause Young (Concurrent Start) (G1 Evacuation Pause) 4070M->4070M(4078M) 0.720ms
[23.566s][info][gc] GC(106) Concurrent Mark Cycle
[23.601s][info][gc] GC(105) Pause Full (G1 Compaction Pause) 4070M->4069M(4078M) 34.966ms
[23.602s][info][gc] GC(106) Concurrent Mark Cycle 35.456ms
[23.617s][info][gc] GC(107) To-space exhausted
[23.617s][info][gc] GC(107) Pause Young (Normal) (G1 Preventive Collection) 4075M->4075M(4078M) 0.733ms
[23.623s][info][gc] GC(108) To-space exhausted
[23.623s][info][gc] GC(108) Pause Young (Concurrent Start) (G1 Evacuation Pause) 4077M->4077M(4078M) 0.688ms
[23.623s][info][gc] GC(110) Concurrent Mark Cycle
[23.657s][info][gc] GC(109) Pause Full (G1 Compaction Pause) 4077M->4073M(4078M) 34.028ms
[23.657s][info][gc] GC(110) Concurrent Mark Cycle 34.526ms
[23.663s][info][gc] GC(111) Pause Young (Normal) (G1 Preventive Collection) 4075M->4074M(4078M) 0.477ms
[23.669s][info][gc] GC(112) To-space exhausted
[23.669s][info][gc] GC(112) Pause Young (Concurrent Start) (G1 Evacuation Pause) 4076M->4076M(4078M) 0.744ms
[23.669s][info][gc] GC(114) Concurrent Mark Cycle
[23.702s][info][gc] GC(113) Pause Full (G1 Compaction Pause) 4076M->4075M(4078M) 33.506ms
[23.703s][info][gc] GC(114) Concurrent Mark Cycle 34.087ms
[23.708s][info][gc] GC(115) To-space exhausted
[23.708s][info][gc] GC(115) Pause Young (Normal) (G1 Evacuation Pause) 4077M->4077M(4078M) 0.533ms
[23.736s][info][gc] GC(116) Pause Full (G1 Compaction Pause) 4077M->4076M(4078M) 27.046ms
[24.110s][info][gc] GC(117) Pause Full (G1 Compaction Pause) 4076M->4064M(4078M) 374.322ms
[24.116s][info][gc] GC(118) To-space exhausted
[24.116s][info][gc] GC(118) Pause Young (Concurrent Start) (G1 Evacuation Pause) 4066M->4066M(4078M) 0.720ms
[24.116s][info][gc] GC(120) Concurrent Mark Cycle
[24.148s][info][gc] GC(119) Pause Full (G1 Compaction Pause) 4066M->4065M(4078M) 32.119ms
[24.194s][info][gc] GC(121) Pause Full (G1 Compaction Pause) 4065M->4065M(4078M) 44.709ms
[24.194s][info][gc] GC(120) Concurrent Mark Cycle 77.929ms
[24.195s][info][gc] GC(122) Pause Young (Normal) (G1 Evacuation Pause) 4065M->4065M(4078M) 0.413ms
[24.211s][info][gc] GC(123) Pause Full (G1 Compaction Pause) 4065M->4M(68M) 15.948ms
